// Jest Snapshot v1, https://goo.gl/fbAQLP

exports[`renders App.js correctly 1`] = `
<div>
  <header>
    <h2>
      Pokedex
    </h2>
  </header>
  <ul />
</div>
`;
