// Jest Snapshot v1, https://goo.gl/fbAQLP

exports[`renders Header.js correctly 1`] = `
<header>
  <h2>
    Pokedex
  </h2>
</header>
`;
