// Jest Snapshot v1, https://goo.gl/fbAQLP

exports[`renders PokeItem.js correctly 1`] = `
<li>
  <div>
    <h3 />
    <img
      alt=""
    />
    <p>
      Type 1: 
    </p>
    <p>
      Type 2: 
    </p>
    <p>
      Ability 1: 
    </p>
    <p>
      Ability 2: 
    </p>
  </div>
</li>
`;
